Archive member included to satisfy reference by file (symbol)

/mnt/c/users/aayan/desktop/os/edk2/Build/SystemBootloader/DEBUG_GCC5/X64/SystemBootloader/SystemBootloader/OUTPUT/SystemBootloader.lib(SystemBootloader.obj)
                              (--whole-archive)
/mnt/c/users/aayan/desktop/os/edk2/Build/SystemBootloader/DEBUG_GCC5/X64/SystemBootloader/SystemBootloader/OUTPUT/SystemBootloader.lib(AutoGen.obj)
                              (--whole-archive)
/mnt/c/users/aayan/desktop/os/edk2/Build/SystemBootloader/DEBUG_GCC5/X64/MdePkg/Library/RegisterFilterLibNull/RegisterFilterLibNull/OUTPUT/FilterLibNull.lib(RegisterFilterLibNull.obj)
                              (--whole-archive)
/mnt/c/users/aayan/desktop/os/edk2/Build/SystemBootloader/DEBUG_GCC5/X64/MdePkg/Library/BaseMemoryLib/BaseMemoryLib/OUTPUT/BaseMemoryLib.lib(SetMem.obj)
                              (--whole-archive)
/mnt/c/users/aayan/desktop/os/edk2/Build/SystemBootloader/DEBUG_GCC5/X64/MdePkg/Library/BaseMemoryLib/BaseMemoryLib/OUTPUT/BaseMemoryLib.lib(ScanMem64Wrapper.obj)
                              (--whole-archive)
/mnt/c/users/aayan/desktop/os/edk2/Build/SystemBootloader/DEBUG_GCC5/X64/MdePkg/Library/BaseMemoryLib/BaseMemoryLib/OUTPUT/BaseMemoryLib.lib(ScanMem32Wrapper.obj)
                              (--whole-archive)
/mnt/c/users/aayan/desktop/os/edk2/Build/SystemBootloader/DEBUG_GCC5/X64/MdePkg/Library/BaseMemoryLib/BaseMemoryLib/OUTPUT/BaseMemoryLib.lib(ScanMem16Wrapper.obj)
                              (--whole-archive)
/mnt/c/users/aayan/desktop/os/edk2/Build/SystemBootloader/DEBUG_GCC5/X64/MdePkg/Library/BaseMemoryLib/BaseMemoryLib/OUTPUT/BaseMemoryLib.lib(ScanMem8Wrapper.obj)
                              (--whole-archive)
/mnt/c/users/aayan/desktop/os/edk2/Build/SystemBootloader/DEBUG_GCC5/X64/MdePkg/Library/BaseMemoryLib/BaseMemoryLib/OUTPUT/BaseMemoryLib.lib(ZeroMemWrapper.obj)
                              (--whole-archive)
/mnt/c/users/aayan/desktop/os/edk2/Build/SystemBootloader/DEBUG_GCC5/X64/MdePkg/Library/BaseMemoryLib/BaseMemoryLib/OUTPUT/BaseMemoryLib.lib(CompareMemWrapper.obj)
                              (--whole-archive)
/mnt/c/users/aayan/desktop/os/edk2/Build/SystemBootloader/DEBUG_GCC5/X64/MdePkg/Library/BaseMemoryLib/BaseMemoryLib/OUTPUT/BaseMemoryLib.lib(SetMemNWrapper.obj)
                              (--whole-archive)
/mnt/c/users/aayan/desktop/os/edk2/Build/SystemBootloader/DEBUG_GCC5/X64/MdePkg/Library/BaseMemoryLib/BaseMemoryLib/OUTPUT/BaseMemoryLib.lib(SetMem64Wrapper.obj)
                              (--whole-archive)
/mnt/c/users/aayan/desktop/os/edk2/Build/SystemBootloader/DEBUG_GCC5/X64/MdePkg/Library/BaseMemoryLib/BaseMemoryLib/OUTPUT/BaseMemoryLib.lib(SetMem32Wrapper.obj)
                              (--whole-archive)
/mnt/c/users/aayan/desktop/os/edk2/Build/SystemBootloader/DEBUG_GCC5/X64/MdePkg/Library/BaseMemoryLib/BaseMemoryLib/OUTPUT/BaseMemoryLib.lib(SetMem16Wrapper.obj)
                              (--whole-archive)
/mnt/c/users/aayan/desktop/os/edk2/Build/SystemBootloader/DEBUG_GCC5/X64/MdePkg/Library/BaseMemoryLib/BaseMemoryLib/OUTPUT/BaseMemoryLib.lib(SetMemWrapper.obj)
                              (--whole-archive)
/mnt/c/users/aayan/desktop/os/edk2/Build/SystemBootloader/DEBUG_GCC5/X64/MdePkg/Library/BaseMemoryLib/BaseMemoryLib/OUTPUT/BaseMemoryLib.lib(CopyMemWrapper.obj)
                              (--whole-archive)
/mnt/c/users/aayan/desktop/os/edk2/Build/SystemBootloader/DEBUG_GCC5/X64/MdePkg/Library/BaseMemoryLib/BaseMemoryLib/OUTPUT/BaseMemoryLib.lib(IsZeroBufferWrapper.obj)
                              (--whole-archive)
/mnt/c/users/aayan/desktop/os/edk2/Build/SystemBootloader/DEBUG_GCC5/X64/MdePkg/Library/BaseMemoryLib/BaseMemoryLib/OUTPUT/BaseMemoryLib.lib(MemLibGeneric.obj)
                              (--whole-archive)
/mnt/c/users/aayan/desktop/os/edk2/Build/SystemBootloader/DEBUG_GCC5/X64/MdePkg/Library/BaseMemoryLib/BaseMemoryLib/OUTPUT/BaseMemoryLib.lib(MemLibGuid.obj)
                              (--whole-archive)
/mnt/c/users/aayan/desktop/os/edk2/Build/SystemBootloader/DEBUG_GCC5/X64/MdePkg/Library/BaseMemoryLib/BaseMemoryLib/OUTPUT/BaseMemoryLib.lib(CopyMem.obj)
                              (--whole-archive)
/mnt/c/users/aayan/desktop/os/edk2/Build/SystemBootloader/DEBUG_GCC5/X64/MdePkg/Library/BaseDebugLibNull/BaseDebugLibNull/OUTPUT/BaseDebugLibNull.lib(DebugLib.obj)
                              (--whole-archive)
/mnt/c/users/aayan/desktop/os/edk2/Build/SystemBootloader/DEBUG_GCC5/X64/MdePkg/Library/BasePcdLibNull/BasePcdLibNull/OUTPUT/BasePcdLibNull.lib(PcdLib.obj)
                              (--whole-archive)
/mnt/c/users/aayan/desktop/os/edk2/Build/SystemBootloader/DEBUG_GCC5/X64/MdePkg/Library/BaseLib/BaseLib/OUTPUT/BaseLib.lib(CheckSum.obj)
                              (--whole-archive)
/mnt/c/users/aayan/desktop/os/edk2/Build/SystemBootloader/DEBUG_GCC5/X64/MdePkg/Library/BaseLib/BaseLib/OUTPUT/BaseLib.lib(SwitchStack.obj)
[...]
Memory Configuration

Name             Origin             Length             Attributes
*default*        0x0000000000000000 0xffffffffffffffff

Linker script and memory map

START GROUP
LOAD /tmp/cc0zI536.ltrans0.ltrans.o
LOAD /tmp/cckPcdEH.debug.temp.o
LOAD /tmp/cc7Sb45Y.debug.temp.o
LOAD /tmp/cckIL3oZ.debug.temp.o
LOAD /tmp/cclV82nz.debug.temp.o
LOAD /tmp/ccGrWIPN.debug.temp.o
LOAD /tmp/cc9w1QTQ.debug.temp.o
LOAD /tmp/cceyyMC3.debug.temp.o
LOAD /tmp/ccY0zOtD.debug.temp.o
LOAD /tmp/cc6jXgIK.debug.temp.o
LOAD /tmp/ccPe6MA8.debug.temp.o
LOAD /tmp/ccDnqt7q.debug.temp.o
LOAD /tmp/ccadn9hS.debug.temp.o
LOAD /tmp/ccHvoE5a.debug.temp.o
LOAD /tmp/ccztqwme.debug.temp.o
LOAD /tmp/ccTN8uOx.debug.temp.o
LOAD /tmp/cc5lSQcq.debug.temp.o
LOAD /tmp/ccxiFZE4.debug.temp.o
LOAD /tmp/cc3OIN9e.debug.temp.o
LOAD /tmp/ccT9qgA3.debug.temp.o
LOAD /tmp/ccpBg9L6.debug.temp.o
LOAD /tmp/ccWk9nC2.debug.temp.o
LOAD /tmp/ccCtvxiv.debug.temp.o
LOAD /tmp/ccY3IZme.debug.temp.o
LOAD /tmp/ccvuSSZe.debug.temp.o
LOAD /tmp/ccmQzr5T.debug.temp.o
LOAD /tmp/ccRNAXv9.debug.temp.o
LOAD /tmp/cc2AgsJg.debug.temp.o
LOAD /tmp/ccUBPzqF.debug.temp.o
LOAD /tmp/ccSTc6C2.debug.temp.o
LOAD /tmp/cc7cVyCx.debug.temp.o
LOAD /tmp/ccmOJ9l4.debug.temp.o
LOAD /tmp/cc2xsQxd.debug.temp.o
LOAD /tmp/ccuULXw8.debug.temp.o
LOAD /tmp/ccG0thGY.debug.temp.o
LOAD /tmp/cciwT4hP.debug.temp.o
LOAD /tmp/ccKQhYoX.debug.temp.o
LOAD /tmp/ccUVpw1O.debug.temp.o
LOAD /tmp/ccRtzOWd.debug.temp.o
LOAD /tmp/ccKVT6m3.debug.temp.o
LOAD /tmp/ccutMx9d.debug.temp.o
LOAD /tmp/ccEtD2Bg.debug.temp.o
LOAD /tmp/ccorzd0z.debug.temp.o
LOAD /tmp/ccTZSlZA.debug.temp.o
LOAD /tmp/cccEWMIB.debug.temp.o
LOAD /tmp/ccgLNxxl.debug.temp.o
LOAD /tmp/ccXAPiry.debug.temp.o
LOAD /tmp/ccAKzchx.debug.temp.o
LOAD /tmp/cckRWpTr.debug.temp.o
LOAD /tmp/ccTqmA60.debug.temp.o
LOAD /tmp/ccKfDOI0.debug.temp.o
LOAD /tmp/ccEnOxAv.debug.temp.o
LOAD /tmp/cc0YoTzk.debug.temp.o
LOAD /tmp/ccvRQJoJ.debug.temp.o
LOAD /tmp/ccFYhtfR.debug.temp.o
LOAD /tmp/ccJO6DKc.debug.temp.o
LOAD /tmp/ccgj52WT.debug.temp.o
LOAD /tmp/cc4b0vGA.debug.temp.o
LOAD /tmp/cc4QB4Sd.debug.temp.o
LOAD /tmp/ccZlBfoJ.debug.temp.o
LOAD /tmp/ccpBWmlI.debug.temp.o
LOAD /tmp/ccD4bzvz.debug.temp.o
LOAD /tmp/ccTgddi1.debug.temp.o
LOAD /tmp/ccmJG8Jb.debug.temp.o
LOAD /tmp/ccBEuaMS.debug.temp.o
LOAD /tmp/ccijz0OF.debug.temp.o
LOAD /tmp/cc0V6gwV.debug.temp.o
LOAD /tmp/cce9jhP0.debug.temp.o
LOAD /tmp/ccdknTw4.debug.temp.o
LOAD /tmp/ccV0KZg6.debug.temp.o
LOAD /tmp/ccjkgCcR.debug.temp.o
LOAD /tmp/cc36oPXG.debug.temp.o
LOAD /tmp/ccvr44DP.debug.temp.o
LOAD /tmp/ccCqjRSf.debug.temp.o
LOAD /tmp/cc8KyqFl.debug.temp.o
LOAD /tmp/ccT2OUwi.debug.temp.o
LOAD /tmp/ccY4Bn2A.debug.temp.o
LOAD /tmp/ccdT87wT.debug.temp.o
LOAD /tmp/ccw9fiIi.debug.temp.o
LOAD /tmp/cc0ETluK.debug.temp.o
LOAD /tmp/cc1DDiPx.debug.temp.o
LOAD /tmp/ccX3vlfV.debug.temp.o
LOAD /tmp/ccmzHewR.debug.temp.o
LOAD /tmp/ccHGKRx3.debug.temp.o
LOAD /tmp/cc8apPi1.debug.temp.o
LOAD /tmp/ccxHfL92.debug.temp.o
LOAD /tmp/ccePdBbe.debug.temp.o
LOAD /tmp/cccKSU5n.debug.temp.o
LOAD /tmp/ccynKROh.debug.temp.o
LOAD /tmp/ccNrbtC2.debug.temp.o
LOAD /tmp/ccyS9XzK.debug.temp.o
LOAD /tmp/ccC4L8X6.debug.temp.o
LOAD /tmp/cce2JwTw.debug.temp.o
LOAD /tmp/ccuZLUNO.debug.temp.o
LOAD /tmp/ccHElkTd.debug.temp.o
LOAD /tmp/cclXaG8X.debug.temp.o
LOAD /tmp/ccNp5EJ6.debug.temp.o
LOAD /tmp/ccZrHP8B.debug.temp.o
LOAD /tmp/cc8MJAbD.debug.temp.o
LOAD /tmp/cc6BFpQN.debug.temp.o
LOAD /mnt/c/users/aayan/desktop/os/edk2/Build/SystemBootloader/DEBUG_GCC5/X64/SystemBootloader/SystemBootloader/OUTPUT/SystemBootloader.lib
LOAD /mnt/c/users/aayan/desktop/os/edk2/Build/SystemBootloader/DEBUG_GCC5/X64/MdePkg/Library/RegisterFilterLibNull/RegisterFilterLibNull/OUTPUT/FilterLibNull.lib
LOAD /mnt/c/users/aayan/desktop/os/edk2/Build/SystemBootloader/DEBUG_GCC5/X64/MdePkg/Library/BaseMemoryLib/BaseMemoryLib/OUTPUT/BaseMemoryLib.lib
LOAD /mnt/c/users/aayan/desktop/os/edk2/Build/SystemBootloader/DEBUG_GCC5/X64/MdePkg/Library/BaseDebugLibNull/BaseDebugLibNull/OUTPUT/BaseDebugLibNull.lib
LOAD /mnt/c/users/aayan/desktop/os/edk2/Build/SystemBootloader/DEBUG_GCC5/X64/MdePkg/Library/BasePcdLibNull/BasePcdLibNull/OUTPUT/BasePcdLibNull.lib
LOAD /mnt/c/users/aayan/desktop/os/edk2/Build/SystemBootloader/DEBUG_GCC5/X64/MdePkg/Library/BaseLib/BaseLib/OUTPUT/BaseLib.lib
LOAD /mnt/c/users/aayan/desktop/os/edk2/Build/SystemBootloader/DEBUG_GCC5/X64/MdePkg/Library/UefiBootServicesTableLib/UefiBootServicesTableLib/OUTPUT/UefiBootServicesTableLib.lib
LOAD /mnt/c/users/aayan/desktop/os/edk2/Build/SystemBootloader/DEBUG_GCC5/X64/MdePkg/Library/StackCheckFailureHookLibNull/StackCheckFailureHookLibNull/OUTPUT/StackCheckFailureHookLibNull.lib
LOAD /mnt/c/users/aayan/desktop/os/edk2/Build/SystemBootloader/DEBUG_GCC5/X64/MdePkg/Library/UefiMemoryAllocationLib/UefiMemoryAllocationLib/OUTPUT/UefiMemoryAllocationLib.lib
LOAD /mnt/c/users/aayan/desktop/os/edk2/Build/SystemBootloader/DEBUG_GCC5/X64/MdePkg/Library/BasePrintLib/BasePrintLib/OUTPUT/BasePrintLib.lib
LOAD /mnt/c/users/aayan/desktop/os/edk2/Build/SystemBootloader/DEBUG_GCC5/X64/MdePkg/Library/StackCheckLib/StackCheckLib/OUTPUT/StackCheckLib.lib
LOAD /mnt/c/users/aayan/desktop/os/edk2/Build/SystemBootloader/DEBUG_GCC5/X64/MdePkg/Library/UefiRuntimeServicesTableLib/UefiRuntimeServicesTableLib/OUTPUT/UefiRuntimeServicesTableLib.lib
LOAD /mnt/c/users/aayan/desktop/os/edk2/Build/SystemBootloader/DEBUG_GCC5/X64/MdePkg/Library/UefiDevicePathLib/UefiDevicePathLib/OUTPUT/UefiDevicePathLib.lib
LOAD /mnt/c/users/aayan/desktop/os/edk2/Build/SystemBootloader/DEBUG_GCC5/X64/MdePkg/Library/UefiApplicationEntryPoint/UefiApplicationEntryPoint/OUTPUT/UefiApplicationEntryPoint.lib
LOAD /mnt/c/users/aayan/desktop/os/edk2/Build/SystemBootloader/DEBUG_GCC5/X64/MdePkg/Library/UefiLib/UefiLib/OUTPUT/UefiLib.lib
END GROUP
                0x0000000000000228                PECOFF_HEADER_SIZE = 0x228
                0x0000000000000228                . = PECOFF_HEADER_SIZE

.text           0x0000000000000240     0x141f
 *(.entry)
 *(.text .text.* .stub .gnu.linkonce.t.*)
 .text.StrnLenS
                0x0000000000000240       0x27 /tmp/cc0zI536.ltrans0.ltrans.o
 .text.AsciiStrnLenS
                0x0000000000000267       0x26 /tmp/cc0zI536.ltrans0.ltrans.o
 .text.BasePrintLibFillBuffer
                0x000000000000028d       0x2d /tmp/cc0zI536.ltrans0.ltrans.o
 .text.BasePrintLibSPrint.constprop.0
                0x00000000000002ba       0x9b /tmp/cc0zI536.ltrans0.ltrans.o
 .text.BasePrintLibSPrintMarker.constprop.0
                0x0000000000000355      0xbdf /tmp/cc0zI536.ltrans0.ltrans.o
 .text.Print.constprop.0
                0x0000000000000f34      0x134 /tmp/cc0zI536.ltrans0.ltrans.o
 .text._ModuleEntryPoint
                0x0000000000001068       0x50 /tmp/cc0zI536.ltrans0.ltrans.o
                0x0000000000001068                _ModuleEntryPoint
 *(.rodata .rodata.* .gnu.linkonce.r.*)
 .rodata.BasePrintLibSPrintMarker.constprop.0.str1.1
                0x00000000000010b8       0x7b /tmp/cc0zI536.ltrans0.ltrans.o
 *fill*         0x0000000000001133        0x1 
 .rodata.BasePrintLibSPrintMarker.constprop.0
                0x0000000000001134       0xec /tmp/cc0zI536.ltrans0.ltrans.o
 .rodata.Print.constprop.0.str2.2
                0x0000000000001220       0x58 /tmp/cc0zI536.ltrans0.ltrans.o
 *fill*         0x0000000000001278        0x8 
 .rodata.mHexStr
                0x0000000000001280       0x10 /tmp/cc0zI536.ltrans0.ltrans.o
 *fill*         0x0000000000001290       0x10 
 .rodata.mWarningString
                0x00000000000012a0       0xc8 /tmp/cc0zI536.ltrans0.ltrans.o
 *fill*         0x0000000000001368       0x18 
 .rodata.mErrorString
                0x0000000000001380      0x2df /tmp/cc0zI536.ltrans0.ltrans.o
 *(.got .got.*)
 .got           0x000000000000165f        0x0 SystemBootloader.obj (symbol from plugin)
 .got.plt       0x000000000000165f        0x0 SystemBootloader.obj (symbol from plugin)
 *:AutoGen.obj(.data.g*Guid)

.plt            0x0000000000001660        0x0
 .plt           0x0000000000001660        0x0 SystemBootloader.obj (symbol from plugin)

.plt.got        0x0000000000001660        0x0
 .plt.got       0x0000000000001660        0x0 SystemBootloader.obj (symbol from plugin)

.data           0x0000000000001680       0x20
 *(.data .data.* .gnu.linkonce.d.*)
 .data.rel.ro   0x0000000000001680        0x0 SystemBootloader.obj (symbol from plugin)
 *(.bss .bss.*)
 .bss.gBS       0x0000000000001680        0x8 /tmp/cc0zI536.ltrans0.ltrans.o
 .bss.gST       0x0000000000001688        0x8 /tmp/cc0zI536.ltrans0.ltrans.o
 .bss.gImageHandle
                0x0000000000001690        0x8 /tmp/cc0zI536.ltrans0.ltrans.o
 .bss.gRT       0x0000000000001698        0x8 /tmp/cc0zI536.ltrans0.ltrans.o

.eh_frame       0x00000000000016c0        0x0
 *(.eh_frame)
 .eh_frame      0x00000000000016c0        0x0 SystemBootloader.obj (symbol from plugin)
 .eh_frame      0x00000000000016c0        0x0 SystemBootloader.obj (symbol from plugin)

.dynbss         0x00000000000016c0        0x0
 .dynbss        0x00000000000016c0        0x0 SystemBootloader.obj (symbol from plugin)

.gnu.version_d  0x00000000000016c0        0x0
 .gnu.version_d
                0x00000000000016c0        0x0 SystemBootloader.obj (symbol from plugin)

.gnu.version    0x00000000000016c0        0x0
 .gnu.version   0x00000000000016c0        0x0 SystemBootloader.obj (symbol from plugin)

.gnu.version_r  0x00000000000016c0        0x0
 .gnu.version_r
                0x00000000000016c0        0x0 SystemBootloader.obj (symbol from plugin)

.sframe         0x00000000000016c0        0x0
 .sframe        0x00000000000016c0        0x0 SystemBootloader.obj (symbol from plugin)

.dynamic        0x00000000000016c0       0x80
 *(.dynamic)
 .dynamic       0x00000000000016c0       0x80 SystemBootloader.obj (symbol from plugin)
                0x00000000000016c0                _DYNAMIC

.rela           0x0000000000001740        0x0
 *(.rela .rela.*)
 .rela.plt      0x0000000000001740        0x0 SystemBootloader.obj (symbol from plugin)
 .rela.got      0x0000000000001740        0x0 SystemBootloader.obj (symbol from plugin)
 .rela.bss      0x0000000000001740        0x0 SystemBootloader.obj (symbol from plugin)
 .rela.data.rel.ro
                0x0000000000001740        0x0 SystemBootloader.obj (symbol from plugin)
 .rela.ifunc    0x0000000000001740        0x0 SystemBootloader.obj (symbol from plugin)

.hii
 *(.hii)

.got
 *(.got)
                0x0000000000000001                ASSERT ((SIZEOF (.got) == 0x0), Unexpected GOT entries detected!)

.got.plt
 *(.got.plt)
                0x0000000000000001                ASSERT ((((SIZEOF (.got.plt) == 0x0) || (SIZEOF (.got.plt) == 0xc)) || (SIZEOF (.got.plt) == 0x18)), Unexpected GOT/PLT entries detected!)

.build-id       0x0000000000001740       0x24
 *(.note.gnu.build-id)
 .note.gnu.build-id
                0x0000000000001740       0x24 SystemBootloader.obj (symbol from plugin)

/DISCARD/
 *(.note.GNU-stack)
 *(.gnu_debuglink)
 *(.interp)
 *(.dynsym)
 *(.dynstr)
 *(.hash .gnu.hash)
 *(.comment)
OUTPUT(/mnt/c/users/aayan/desktop/os/edk2/Build/SystemBootloader/DEBUG_GCC5/X64/SystemBootloader/SystemBootloader/DEBUG/SystemBootloader.dll elf64-x86-64)

.debug_info     0x0000000000000000     0xdfc0
 .debug_info    0x0000000000000000      0xae5 /tmp/cc0zI536.ltrans0.ltrans.o
 .debug_info    0x0000000000000ae5     0x1734 /tmp/cckPcdEH.debug.temp.o
                0x0000000000000ae5                SystemBootloader.c.2550ac99
 .debug_info    0x0000000000002219     0x1c30 /tmp/cc7Sb45Y.debug.temp.o
                0x0000000000002219                AutoGen.c.2e1ed686
 .debug_info    0x0000000000003e49      0x1d4 /tmp/ccWk9nC2.debug.temp.o
                0x0000000000003e49                DebugLib.c.54001db3
 .debug_info    0x000000000000401d      0x1a7 /tmp/ccSTc6C2.debug.temp.o
                0x000000000000401d                SetJump.c.b961265d
 .debug_info    0x00000000000041c4       0xa8 /tmp/ccvRQJoJ.debug.temp.o
                0x00000000000041c4                CpuDeadLoop.c.fe0781ca
 .debug_info    0x000000000000426c     0x1098 /tmp/ccgj52WT.debug.temp.o
                0x000000000000426c                SafeString.c.49fb0e25
 .debug_info    0x0000000000005304     0x1787 /tmp/ccmzHewR.debug.temp.o
                0x0000000000005304                UefiBootServicesTableLib.c.8d7dffa4
 .debug_info    0x0000000000006a8b       0x7c /tmp/ccHGKRx3.debug.temp.o
                0x0000000000006a8b                StackCheckFailureHook.c.6e1472af
 .debug_info    0x0000000000006b07     0x1366 /tmp/cc8apPi1.debug.temp.o
                0x0000000000006b07                MemoryAllocationLib.c.3bb91745
 .debug_info    0x0000000000007e6d      0x764 /tmp/ccxHfL92.debug.temp.o
                0x0000000000007e6d                PrintLibInternal.c.dce609fc
 .debug_info    0x00000000000085d1      0x588 /tmp/ccePdBbe.debug.temp.o
                0x00000000000085d1                PrintLib.c.211af3b6
 .debug_info    0x0000000000008b59     0x175e /tmp/cccKSU5n.debug.temp.o
                0x0000000000008b59                UefiRuntimeServicesTableLib.c.3034364b
 .debug_info    0x000000000000a2b7     0x17d7 /tmp/ccuZLUNO.debug.temp.o
                0x000000000000a2b7                ApplicationEntryPoint.c.5086def1
 .debug_info    0x000000000000ba8e     0x2532 /tmp/ccHElkTd.debug.temp.o
                0x000000000000ba8e                UefiLibPrint.c.e6ee9791

.debug_abbrev   0x0000000000000000     0x18ba
 .debug_abbrev  0x0000000000000000      0x157 /tmp/cc0zI536.ltrans0.ltrans.o
 .debug_abbrev  0x0000000000000157      0x1b7 /tmp/cckPcdEH.debug.temp.o
 .debug_abbrev  0x000000000000030e      0x2fb /tmp/cc7Sb45Y.debug.temp.o
 .debug_abbrev  0x0000000000000609       0xd0 /tmp/ccWk9nC2.debug.temp.o
 .debug_abbrev  0x00000000000006d9       0xe0 /tmp/ccSTc6C2.debug.temp.o
 .debug_abbrev  0x00000000000007b9       0x71 /tmp/ccvRQJoJ.debug.temp.o
 .debug_abbrev  0x000000000000082a      0x1c7 /tmp/ccgj52WT.debug.temp.o
 .debug_abbrev  0x00000000000009f1      0x20a /tmp/ccmzHewR.debug.temp.o
 .debug_abbrev  0x0000000000000bfb       0x4d /tmp/ccHGKRx3.debug.temp.o
 .debug_abbrev  0x0000000000000c48      0x274 /tmp/cc8apPi1.debug.temp.o
 .debug_abbrev  0x0000000000000ebc      0x19f /tmp/ccxHfL92.debug.temp.o
 .debug_abbrev  0x000000000000105b      0x15a /tmp/ccePdBbe.debug.temp.o
 .debug_abbrev  0x00000000000011b5      0x1da /tmp/cccKSU5n.debug.temp.o
 .debug_abbrev  0x000000000000138f      0x22b /tmp/ccuZLUNO.debug.temp.o
 .debug_abbrev  0x00000000000015ba      0x300 /tmp/ccHElkTd.debug.temp.o

.debug_loclists
                0x0000000000000000      0xdbf
 .debug_loclists
                0x0000000000000000      0xdbf /tmp/cc0zI536.ltrans0.ltrans.o

.debug_aranges  0x0000000000000000       0xe0
 .debug_aranges
                0x0000000000000000       0xe0 /tmp/cc0zI536.ltrans0.ltrans.o

.debug_rnglists
                0x0000000000000000      0x10c
 .debug_rnglists
                0x0000000000000000      0x10c /tmp/cc0zI536.ltrans0.ltrans.o

.debug_line     0x0000000000000000     0x1016
 .debug_line    0x0000000000000000      0xa0a /tmp/cc0zI536.ltrans0.ltrans.o
 .debug_line    0x0000000000000a0a       0x7b /tmp/cckPcdEH.debug.temp.o
 .debug_line    0x0000000000000a85       0x93 /tmp/cc7Sb45Y.debug.temp.o
 .debug_line    0x0000000000000b18       0x4c /tmp/ccWk9nC2.debug.temp.o
 .debug_line    0x0000000000000b64       0x51 /tmp/ccSTc6C2.debug.temp.o
 .debug_line    0x0000000000000bb5       0x4c /tmp/ccvRQJoJ.debug.temp.o
 .debug_line    0x0000000000000c01       0x6d /tmp/ccgj52WT.debug.temp.o
 .debug_line    0x0000000000000c6e       0x80 /tmp/ccmzHewR.debug.temp.o
 .debug_line    0x0000000000000cee       0x3a /tmp/ccHGKRx3.debug.temp.o
 .debug_line    0x0000000000000d28       0x7b /tmp/cc8apPi1.debug.temp.o
 .debug_line    0x0000000000000da3       0x68 /tmp/ccxHfL92.debug.temp.o
 .debug_line    0x0000000000000e0b       0x5a /tmp/ccePdBbe.debug.temp.o
 .debug_line    0x0000000000000e65       0x7b /tmp/cccKSU5n.debug.temp.o
 .debug_line    0x0000000000000ee0       0x80 /tmp/ccuZLUNO.debug.temp.o
 .debug_line    0x0000000000000f60       0xb6 /tmp/ccHElkTd.debug.temp.o

.debug_str      0x0000000000000000     0x2d95
 .debug_str     0x0000000000000000      0x1b3 /tmp/cc0zI536.ltrans0.ltrans.o
 .debug_str     0x00000000000001b3     0x121b /tmp/cckPcdEH.debug.temp.o
                                       0x132f (size before relaxing)
 .debug_str     0x00000000000013ce      0x768 /tmp/cc7Sb45Y.debug.temp.o
                                       0x1a91 (size before relaxing)
 .debug_str     0x0000000000001b36       0xc0 /tmp/ccWk9nC2.debug.temp.o
                                        0x308 (size before relaxing)
 .debug_str     0x0000000000001bf6       0x42 /tmp/ccSTc6C2.debug.temp.o
                                        0x252 (size before relaxing)
 .debug_str     0x0000000000001c38       0x29 /tmp/ccvRQJoJ.debug.temp.o
                                        0x201 (size before relaxing)
 .debug_str     0x0000000000001c61      0x3f0 /tmp/ccgj52WT.debug.temp.o
                                        0x7e1 (size before relaxing)
 .debug_str     0x0000000000002051     0x1376 /tmp/ccmzHewR.debug.temp.o
 .debug_str     0x0000000000002051       0x25 /tmp/ccHGKRx3.debug.temp.o
                                        0x1ea (size before relaxing)
 .debug_str     0x0000000000002076      0x239 /tmp/cc8apPi1.debug.temp.o
                                        0xfa1 (size before relaxing)
 .debug_str     0x00000000000022af      0x23e /tmp/ccxHfL92.debug.temp.o
                                        0x61b (size before relaxing)
 .debug_str     0x00000000000024ed      0x147 /tmp/ccePdBbe.debug.temp.o
                                        0x419 (size before relaxing)
 .debug_str     0x0000000000002634     0x136c /tmp/cccKSU5n.debug.temp.o
 .debug_str     0x0000000000002634       0x1a /tmp/ccuZLUNO.debug.temp.o
                                       0x13ba (size before relaxing)
 .debug_str     0x000000000000264e      0x747 /tmp/ccHElkTd.debug.temp.o
                                       0x1ce2 (size before relaxing)

.debug_line_str
                0x0000000000000000     0x10f0
 .debug_line_str
                0x0000000000000000      0x391 /tmp/cc0zI536.ltrans0.ltrans.o
                                        0x4f4 (size before relaxing)
 .debug_line_str
                0x0000000000000391      0x1d3 /tmp/cckPcdEH.debug.temp.o
                                        0x285 (size before relaxing)
 .debug_line_str
                0x0000000000000564      0x107 /tmp/cc7Sb45Y.debug.temp.o
                                        0x36f (size before relaxing)
 .debug_line_str
                0x000000000000066b       0xc8 /tmp/ccWk9nC2.debug.temp.o
                                        0x195 (size before relaxing)
 .debug_line_str
                0x0000000000000733       0xb6 /tmp/ccSTc6C2.debug.temp.o
                                        0x185 (size before relaxing)
 .debug_line_str
                0x00000000000007e9       0x48 /tmp/ccvRQJoJ.debug.temp.o
                                        0x182 (size before relaxing)
 .debug_line_str
                0x0000000000000831       0xd8 /tmp/ccgj52WT.debug.temp.o
                                        0x25f (size before relaxing)
 .debug_line_str
                0x0000000000000909       0xf0 /tmp/ccmzHewR.debug.temp.o
                                        0x2fe (size before relaxing)
 .debug_line_str
                0x00000000000009f9       0xf9 /tmp/ccHGKRx3.debug.temp.o
                                        0x160 (size before relaxing)
 .debug_line_str
                0x0000000000000af2       0xe8 /tmp/cc8apPi1.debug.temp.o
                                        0x2e1 (size before relaxing)
 .debug_line_str
                0x0000000000000bda      0x14f /tmp/ccxHfL92.debug.temp.o
                                        0x279 (size before relaxing)
 .debug_line_str
                0x0000000000000d29       0x4a /tmp/ccePdBbe.debug.temp.o
                                        0x1dd (size before relaxing)
 .debug_line_str
                0x0000000000000d73       0xfc /tmp/cccKSU5n.debug.temp.o
                                        0x2f5 (size before relaxing)
 .debug_line_str
                0x0000000000000e6f       0xf0 /tmp/ccuZLUNO.debug.temp.o
                                        0x30d (size before relaxing)
 .debug_line_str
                0x0000000000000f5f      0x191 /tmp/ccHElkTd.debug.temp.o
                                        0x3a6 (size before relaxing)

.debug_frame    0x0000000000000000      0x220
 .debug_frame   0x0000000000000000      0x220 /tmp/cc0zI536.ltrans0.ltrans.o
